============================= test session starts =============================
platform win32 -- Python 3.12.6, pytest-9.0.2, pluggy-1.6.0 -- d:\VITRIFY\.venv\Scripts\python.exe
cachedir: .pytest_cache
rootdir: D:\VITRIFY
collecting ... collected 0 items / 2 errors

=================================== ERRORS ====================================
______________________ ERROR collecting test_output.txt _______________________
C:\Python312\Lib\pathlib.py:1028: in read_text
    return f.read()
           ^^^^^^^^
<frozen codecs>:322: in decode
    ???
E   UnicodeDecodeError: 'utf-8' codec can't decode byte 0xff in position 0: invalid start byte
_______________ ERROR collecting tests/test_batch_robustness.py _______________
ImportError while importing test module 'D:\VITRIFY\tests\test_batch_robustness.py'.
Hint: make sure your test modules/packages have valid Python names.
Traceback:
.venv\Lib\site-packages\_pytest\python.py:507: in importtestmodule
    mod = import_path(
.venv\Lib\site-packages\_pytest\pathlib.py:587: in import_path
    importlib.import_module(module_name)
C:\Python312\Lib\importlib\__init__.py:90: in import_module
    return _bootstrap._gcd_import(name[level:], package, level)
           ^^^^^^^^^^^^^^^^^^^^^^^^^^^^^^^^^^^^^^^^^^^^^^^^^^^^
<frozen importlib._bootstrap>:1387: in _gcd_import
    ???
<frozen importlib._bootstrap>:1360: in _find_and_load
    ???
<frozen importlib._bootstrap>:1331: in _find_and_load_unlocked
    ???
<frozen importlib._bootstrap>:935: in _load_unlocked
    ???
.venv\Lib\site-packages\_pytest\assertion\rewrite.py:197: in exec_module
    exec(co, module.__dict__)
tests\test_batch_robustness.py:10: in <module>
    from igu_recovery.utils.input_helpers import parse_db_row_to_group
src\igu_recovery\utils\input_helpers.py:9: in <module>
    from .calculations import aggregate_igu_groups, compute_igu_mass_totals, compute_sealant_volumes, default_mass_per_m2
E   ImportError: cannot import name 'compute_igu_mass_totals' from 'igu_recovery.utils.calculations' (d:\VITRIFY\src\igu_recovery\utils\calculations.py)
=========================== short test summary info ===========================
ERROR test_output.txt - UnicodeDecodeError: 'utf-8' codec can't decode byte 0xff in position 0: invalid start byte
ERROR tests/test_batch_robustness.py
!!!!!!!!!!!!!!!!!!! Interrupted: 2 errors during collection !!!!!!!!!!!!!!!!!!!
============================== 2 errors in 1.16s ==============================
